// Jest Snapshot v1, https://goo.gl/fbAQLP

exports[`calculateDurations calculates accurately 1`] = `
[
  {
    "from": 2020-01-01T00:00:00.000Z,
    "label": "0 years 5 months (January 2020 - Now)",
    "months": 5,
    "years": 0,
  },
  {
    "from": 2019-06-01T00:00:00.000Z,
    "label": "0 years 7 months (June 2019 â€“ January 2020)",
    "months": 7,
    "years": 0,
  },
]
`;
